{"pageProps":{"post":{"title":"Raspberry Pi 4 に NAS を構築しました(HDD の準備)","slug":"20210504-raspberry-pi-nas-01-hdd","date":"2021-05-04T00:00+09:00","content":"\n[先日セットアップした Raspberry Pi 4](/articles/20210503-raspberry-pi) で NAS をやっていきます。\n\n## 用意したもの\n\n- Raspberry Pi 4\n\n[先日セットアップした Raspberry Pi 4](/articles/20210503-raspberry-pi) です。\n\n- HDD\n\nおうちにころがっていた [I-O DATA HDCZ-UT8KC](https://www.iodata.jp/product/hdd/hdd/hdcz-utc/) をつかいます。\n\n容量は 8 TB です。\n\n## 実施内容\n\nRaspberry Pi に HDD をつないで マウントして Samba をいれます。\n\n<p style=\"color: red;\">以降の手順で HDD 内の全データが消えます。</p>\n\n### Raspberry Pi に HDD を接続する\n\n起動中の Raspberry Pi に HDD をつないで `lsblk` で HDD を確認します。\n\n```\n$ lsblk\nNAME        MAJ:MIN RM  SIZE RO TYPE MOUNTPOINT\n--- 中略\nsda           8:0    0  7.3T  0 disk\n└─sda1        8:1    0    2T  0 part\n```\n\nありました。\n\n`fdisk -l` で HDD の状況を確認します。\n\n```\n$ sudo fdisk -l /dev/sda\nDisk /dev/sda: 7.28 TiB, 8001563222016 bytes, 15628053168 sectors\nDisk model: HDCZ-UT\nUnits: sectors of 1 * 512 = 512 bytes\nSector size (logical/physical): 512 bytes / 4096 bytes\nI/O size (minimum/optimal): 4096 bytes / 4096 bytes\nDisklabel type: dos\nDisk identifier: 0x76024314\n\nDevice     Boot Start        End    Sectors Size Id Type\n/dev/sda1        2048 4294967295 4294965248   2T  b W95 FAT32\n\n```\n\n既にパーティションが存在するのでこれを削除してつくりなおします。\n\nあと `Disklabel type: dos` となっているので [MBR](https://ja.wikipedia.org/wiki/%E3%83%9E%E3%82%B9%E3%82%BF%E3%83%BC%E3%83%96%E3%83%BC%E3%83%88%E3%83%AC%E3%82%B3%E3%83%BC%E3%83%89) です。 MBR だと 2 TB 以上のパーティションを作成できないので [GPT](https://ja.wikipedia.org/wiki/GUID%E3%83%91%E3%83%BC%E3%83%86%E3%82%A3%E3%82%B7%E3%83%A7%E3%83%B3%E3%83%86%E3%83%BC%E3%83%96%E3%83%AB) に変えます。\n\n### 既に存在するパーティションを削除\n\n先ずはパーティションを削除します。\n\n```\n$ sudo fdisk /dev/sda\n\nWelcome to fdisk (util-linux 2.34).\nChanges will remain in memory only, until you decide to write them.\nBe careful before using the write command.\n\nThe size of this disk is 7.3 TiB (8001563222016 bytes). DOS partition table format cannot be used on drives for volumes larger than 2199023255040 bytes for 512-byte sectors. Use GU\nID partition table format (GPT).\n\nCommand (m for help): d  <--- 1\n\nSelected partition 1\nPartition 1 has been deleted.\n\nCommand (m for help): w  <--- 2\nThe partition table has been altered.\nCalling ioctl() to re-read partition table.\nSyncing disks.\n```\n\n1. パーティションを削除します。パーティションが複数存在する場合はこの後にどのパーティションを削除するか尋ねられます。今回は 1 つしかパーティションがなかったのでそのまま削除されました。\n2. 変更を保存して終了します。\n\n確認してみます。\n\n```\n$ sudo fdisk -l /dev/sda\nDisk /dev/sda: 7.28 TiB, 8001563222016 bytes, 15628053168 sectors\nDisk model: HDCZ-UT\nUnits: sectors of 1 * 512 = 512 bytes\nSector size (logical/physical): 512 bytes / 4096 bytes\nI/O size (minimum/optimal): 4096 bytes / 4096 bytes\nDisklabel type: dos\nDisk identifier: 0x76024314\n```\n\n消えました。\n\n### GPT にする\n\n`parted` をつかって GPT にします。\n\n```\n$ sudo parted /dev/sda\nGNU Parted 3.3\nUsing /dev/sda\nWelcome to GNU Parted! Type 'help' to view a list of commands.\n(parted) print          <--- 1\nModel: I-O DATA HDCZ-UT (scsi)\nDisk /dev/sda: 8002GB\nSector size (logical/physical): 512B/4096B\nPartition Table: msdos\nDisk Flags:\n\nNumber  Start  End  Size  Type  File system  Flags\n\n(parted) mklabel gpt    <--- 2\nWarning: The existing disk label on /dev/sda will be destroyed and all data on this disk will be lost. Do you want to continue?\nYes/No? y\n(parted) print          <--- 3\nModel: I-O DATA HDCZ-UT (scsi)\nDisk /dev/sda: 8002GB\nSector size (logical/physical): 512B/4096B\nPartition Table: gpt\nDisk Flags:\n\nNumber  Start  End  Size  File system  Name  Flags\n\n(parted) quit           <--- 4\nInformation: You may need to update /etc/fstab.\n```\n\n1. `print` で念の為現行のディスク情報を確認します。 `Partition Table: msdos` となっているので MBR です。\n2. `mklabel gpt` で GPT に変更します。 **ディスク上の全データが削除される** 旨が確認されるので問題なければ `y` とします。すぐおわります。\n3. 再度 `print` でディスク情報を確認します。 `Partition Table: gpt` となっているので GPT です。\n4. `quit` で終了します。\n\nfdisk でも確認してみます。\n\n```\n$ sudo fdisk -l /dev/sda\nDisk /dev/sda: 7.28 TiB, 8001563222016 bytes, 15628053168 sectors\nDisk model: HDCZ-UT\nUnits: sectors of 1 * 512 = 512 bytes\nSector size (logical/physical): 512 bytes / 4096 bytes\nI/O size (minimum/optimal): 4096 bytes / 4096 bytes\nDisklabel type: gpt\nDisk identifier: 5647BD4F-A277-459D-9F06-741C66266ACC\n```\n\n`Disklabel type: gpt` になっています。\n\n### パーティションを作成\n\n今回は `fdisk` をつかってパーティションを作成します。\n\n```\n$ sudo fdisk /dev/sda\n\nWelcome to fdisk (util-linux 2.34).\nChanges will remain in memory only, until you decide to write them.\nBe careful before using the write command.\n\n\nCommand (m for help): n   <--- 1\nPartition number (1-128, default 1):            <--- 2\nFirst sector (34-15628053134, default 2048):    <--- 3\nLast sector, +/-sectors or +/-size{K,M,G,T,P} (2048-15628053134, default 15628053134):    <--- 4\n\nCreated a new partition 1 of type 'Linux filesystem' and of size 7.3 TiB.\n\nCommand (m for help): w   <--- 5\nThe partition table has been altered.\nCalling ioctl() to re-read partition table.\nSyncing disks.\n```\n\n1. `n` でパーティションを作成します。\n2. パーティション番号を指定します。デフォルトの `1` でいいのでそのまあ Enter を押下します。\n3. 開始位置セクタを指定します。特になにもなければデフォルトでいきます。\n4. 終了位置セクタを指定します。今回は HDD に 1 こしかパーティションきらないつもりなのでそのままデフォルトでいきます。\n5. 保存して終了します。\n\n確認してみます。\n\n```\n$ sudo fdisk -l /dev/sda\nDisk /dev/sda: 7.28 TiB, 8001563222016 bytes, 15628053168 sectors\nDisk model: HDCZ-UT\nUnits: sectors of 1 * 512 = 512 bytes\nSector size (logical/physical): 512 bytes / 4096 bytes\nI/O size (minimum/optimal): 4096 bytes / 4096 bytes\nDisklabel type: gpt\nDisk identifier: 5647BD4F-A277-459D-9F06-741C66266ACC\n\nDevice     Start         End     Sectors  Size Type\n/dev/sda1   2048 15628053134 15628051087  7.3T Linux filesystem\n```\n\nパーティション `sda1` ができています。\n\n### パーティションのフォーマット\n\n作成したパーティションをフォーマットします。ファイルタイプは Ubuntu の標準である `ext4` にしようと思います。\n\n1 分くらいでおわります。\n\n```\n$ sudo mkfs -t ext4 /dev/sda1\nmke2fs 1.45.5 (07-Jan-2020)\nCreating filesystem with 1953506385 4k blocks and 244191232 inodes\nFilesystem UUID: e89e3a74-2a73-4ac3-8e36-6a306b3f57ec\nSuperblock backups stored on blocks:\n        32768, 98304, 163840, 229376, 294912, 819200, 884736, 1605632, 2654208,\n        4096000, 7962624, 11239424, 20480000, 23887872, 71663616, 78675968,\n        102400000, 214990848, 512000000, 550731776, 644972544, 1934917632\n\nAllocating group tables: done\nWriting inode tables: done\nCreating journal (262144 blocks): done\nWriting superblocks and filesystem accounting information: done\n```\n\n確認してみます。\n\n```\n$ sudo parted -l\nModel: I-O DATA HDCZ-UT (scsi)\nDisk /dev/sda: 8002GB\nSector size (logical/physical): 512B/4096B\nPartition Table: gpt\nDisk Flags:\n\nNumber  Start   End     Size    File system  Name  Flags\n 1      1049kB  8002GB  8002GB  ext4\n```\n\n`ext4` になっています。\n\n### マウントする\n\n今回は `/mnt/media` にマウントしようと思います。\n\n```\nsudo mkdir -p /mnt/media\nsudo mount -t ext4 /dev/sda1 /mnt/media\n```\n\n確認してみます。\n\n```\n$ df -h | grep sda1\n/dev/sda1       7.3T   93M  6.9T   1% /mnt/media\n```\n\nマウントされました。マウント先を確認してみます。\n\n```\n$ ll /mnt/media\ntotal 24\ndrwxr-xr-x 3 root root  4096 May  4 21:01 ./\ndrwxr-xr-x 3 root root  4096 May  4 21:11 ../\ndrwx------ 2 root root 16384 May  4 21:01 lost+found/\n```\n\n所有者が `root` になっているので、自分のユーザに変えます。\n\n```\nsudo chown -R ansanloms:ansanloms /mnt/media\n```\n\n実際にファイルが設置できるか確認してみます。\n\n```\n$ touch /mnt/media/test.txt\nansanloms@ubuntu:~$ ll /mnt/media\ntotal 24\ndrwxr-xr-x 3 ansanloms ansanloms  4096 May  4 21:14 ./\ndrwxr-xr-x 3 root      root       4096 May  4 21:11 ../\ndrwx------ 2 ansanloms ansanloms 16384 May  4 21:01 lost+found/\n-rw-rw-r-- 1 ansanloms ansanloms     0 May  4 21:14 test.txt\n```\n\nできました。\n\n### fstab に記述する\n\nこのままだと再起動するとアンマウントされるので、起動時もマウントされるように `/etc/fstab` に追記します。\n\n```\n$ sudo cp -p /etc/fstab /etc/fstab.20210504\n$ sudo vim /etc/fstab\n```\n\n```:/etc/fstab\n# media\n/dev/sda1     /mnt/media    ext4    defaults    0   0\n```\n\nfstab の設定でちゃんとマウントされるか確認する為に、一旦アンマウントします。\n\n```\nsudo umount /mnt/media\n```\n\nアンマウントされたことを確認します。\n\n```\ndf -h | grep media\n```\n\n`mount -a` で fstab の内容からもマウントされます。\n\n```\n$ sudo mount -a\n$ df -h | grep media\n/dev/sda1       7.3T   93M  6.9T   1% /mnt/media\n```\n\n問題なさそうです。\n\n再起動してみます。\n\n```\nsudo reboot\n```\n\n```\n$ df -h | grep media\n/dev/sda1       7.3T   93M  6.9T   1% /mnt/media\n```\n\n再起動後もちゃんとマウントされていました。よかったですね。\n\n## ここまで\n\n次回は samba のセットアップをしたいと思います。\n"}},"__N_SSG":true}